response.out